// Jest Snapshot v1, https://goo.gl/fbAQLP

exports[`Report should render with expected text 1`] = `
<DocumentFragment>
  <p>
    Fridge Status Report
  </p>
</DocumentFragment>
`;
