// Jest Snapshot v1, https://goo.gl/fbAQLP

exports[`MapToggle should render with correct text when currentView is map 1`] = `
<DocumentFragment>
  <button
    class="MuiButton-root MuiButton-text MuiButton-textPrimary MuiButton-sizeMedium MuiButton-textSizeMedium MuiButton-fullWidth MuiButtonBase-root  css-1o4uu0l-MuiButtonBase-root-MuiButton-root"
    tabindex="0"
    type="button"
  >
    <span
      class="MuiButton-startIcon MuiButton-iconSizeMedium css-1d6wzja-MuiButton-startIcon"
    >
      <svg
        aria-hidden="true"
        class="MuiSvgIcon-root MuiSvgIcon-fontSizeMedium css-i4bv87-MuiSvgIcon-root"
        data-testid="MapOutlinedIcon"
        focusable="false"
        viewBox="0 0 24 24"
      >
        <path
          d="m20.5 3-.16.03L15 5.1 9 3 3.36 4.9c-.21.07-.36.25-.36.48V20.5c0 .28.22.5.5.5l.16-.03L9 18.9l6 2.1 5.64-1.9c.21-.07.36-.25.36-.48V3.5c0-.28-.22-.5-.5-.5zM10 5.47l4 1.4v11.66l-4-1.4V5.47zm-5 .99 3-1.01v11.7l-3 1.16V6.46zm14 11.08-3 1.01V6.86l3-1.16v11.84z"
        />
      </svg>
    </span>
    Map View
    <span
      class="MuiTouchRipple-root css-8je8zh-MuiTouchRipple-root"
    />
  </button>
</DocumentFragment>
`;
